     1 00000000                                 [FORMAT "WCOFF"]
     2 00000000                                 [INSTRSET "i486p"]
     3 00000000                                 [OPTIMIZE 1]
     4 00000000                                 [OPTION 1]
     5 00000000                                 [BITS 32]
     6 00000000                                 	EXTERN	_putc
     7 00000000                                 	EXTERN	_api_end
     8 00000000                                 [FILE "a.c"]
     9                                          [SECTION .text]
    10 00000000                                 	GLOBAL	_HariMain
    11 00000000                                 _HariMain:
    12 00000000 55                              	PUSH	EBP
    13 00000001 89 E5                           	MOV	EBP,ESP
    14 00000003 6A 41                           	PUSH	65
    15 00000005 E8 [00000000]                   	CALL	_putc
    16 0000000A 58                              	POP	EAX
    17 0000000B C9                              	LEAVE
    18 0000000C E9 [00000000]                   	JMP	_api_end
