     1 00000000                                 ; Copyright (c) 2013 ASMlover. All rights reserved.
     2 00000000                                 ;
     3 00000000                                 ; Redistribution and use in source and binary forms, with or without
     4 00000000                                 ; modification, are permitted provided that the following conditions
     5 00000000                                 ; are met:
     6 00000000                                 ;
     7 00000000                                 ;  * Redistributions of source code must retain the above copyright
     8 00000000                                 ;    notice, this list ofconditions and the following disclaimer.
     9 00000000                                 ;
    10 00000000                                 ;    notice, this list of conditions and the following disclaimer in
    11 00000000                                 ;  * Redistributions in binary form must reproduce the above copyright
    12 00000000                                 ;    the documentation and/or other materialsprovided with the
    13 00000000                                 ;    distribution.
    14 00000000                                 ;
    15 00000000                                 ; THIS SOFTWARE IS PROVIDED BY THE COPYRIGHT HOLDERS AND CONTRIBUTORS
    16 00000000                                 ; "AS IS" AND ANY EXPRESS OR IMPLIED WARRANTIES, INCLUDING, BUT NOT
    17 00000000                                 ; LIMITED TO, THE IMPLIED WARRANTIES OF MERCHANTABILITY AND FITNESS
    18 00000000                                 ; FOR A PARTICULAR PURPOSE ARE DISCLAIMED. IN NO EVENT SHALL THE
    19 00000000                                 ; COPYRIGHT HOLDER OR CONTRIBUTORS BE LIABLE FOR ANY DIRECT, INDIRECT,
    20 00000000                                 ; INCIDENTAL, SPECIAL, EXEMPLARY, OR CONSEQUENTIAL DAMAGES (INCLUDING,
    21 00000000                                 ; BUT NOT LIMITED TO, PROCUREMENT OF SUBSTITUTE GOODS OR SERVICES;
    22 00000000                                 ; LOSS OF USE, DATA, OR PROFITS; OR BUSINESS INTERRUPTION) HOWEVER
    23 00000000                                 ; CAUSED AND ON ANY THEORY OF LIABILITY, WHETHER IN CONTRACT, STRICT
    24 00000000                                 ; LIABILITY, OR TORT (INCLUDING NEGLIGENCE OR OTHERWISE) ARISING IN
    25 00000000                                 ; ANY WAY OUT OF THE USE OF THIS SOFTWARE, EVEN IF ADVISED OF THE
    26 00000000                                 ; POSSIBILITY OF SUCH DAMAGE.
    27 00000000                                 
    28 00000000                                 [instrset "i486p"]
    29 00000000                                 [bits 32]
    30 00000000 B9 0000001D                       mov ecx, msg
    31 00000005 BA 00000001                       mov edx, 1
    32 0000000A                                 loop_print:
    33 0000000A 2E 8A 01                          mov al, [cs:ecx]
    34 0000000D 3C 00                             cmp al, 0
    35 0000000F 74 05                             je  finish
    36 00000011 CD 40                             int 0x40
    37 00000013 41                                inc ecx
    38 00000014 EB F4                             jmp loop_print
    39 00000016                                 finish:
    40 00000016 BA 00000004                       mov edx, 4
    41 0000001B CD 40                             int 0x40
    42 0000001D                                 msg:
    43 0000001D 68 65 6C 6C 6F 2C 20 77 6F 72     db  "hello, world", 0
       00000027 6C 64 00 
