     1 00000000                                 [FORMAT "WCOFF"]
     2 00000000                                 [INSTRSET "i486p"]
     3 00000000                                 [OPTIMIZE 1]
     4 00000000                                 [OPTION 1]
     5 00000000                                 [BITS 32]
     6 00000000                                 	EXTERN	_putc
     7 00000000                                 	EXTERN	_api_end
     8 00000000                                 [FILE "hello3.c"]
     9                                          [SECTION .text]
    10 00000000                                 	GLOBAL	_HariMain
    11 00000000                                 _HariMain:
    12 00000000 55                              	PUSH	EBP
    13 00000001 89 E5                           	MOV	EBP,ESP
    14 00000003 6A 48                           	PUSH	72
    15 00000005 E8 [00000000]                   	CALL	_putc
    16 0000000A 6A 65                           	PUSH	101
    17 0000000C E8 [00000000]                   	CALL	_putc
    18 00000011 6A 6C                           	PUSH	108
    19 00000013 E8 [00000000]                   	CALL	_putc
    20 00000018 6A 6C                           	PUSH	108
    21 0000001A E8 [00000000]                   	CALL	_putc
    22 0000001F 6A 6F                           	PUSH	111
    23 00000021 E8 [00000000]                   	CALL	_putc
    24 00000026 83 C4 14                        	ADD	ESP,20
    25 00000029 C9                              	LEAVE
    26 0000002A E9 [00000000]                   	JMP	_api_end
