     1 00000000                                 [FORMAT "WCOFF"]
     2 00000000                                 [INSTRSET "i486p"]
     3 00000000                                 [OPTIMIZE 1]
     4 00000000                                 [OPTION 1]
     5 00000000                                 [BITS 32]
     6 00000000                                 	EXTERN	_init_mem
     7 00000000                                 	EXTERN	_malloc
     8 00000000                                 	EXTERN	_win_open
     9 00000000                                 	EXTERN	_win_fill
    10 00000000                                 	EXTERN	_win_point
    11 00000000                                 	EXTERN	_api_end
    12 00000000                                 [FILE "star.c"]
    13                                          [SECTION .data]
    14 00000000                                 LC0:
    15 00000000 57 69 6E 2D 53 74 61 72 00      	DB	"Win-Star",0x00
    16                                          [SECTION .text]
    17 00000000                                 	GLOBAL	_HariMain
    18 00000000                                 _HariMain:
    19 00000000 55                              	PUSH	EBP
    20 00000001 89 E5                           	MOV	EBP,ESP
    21 00000003 53                              	PUSH	EBX
    22 00000004 E8 [00000000]                   	CALL	_init_mem
    23 00000009 68 00003A98                     	PUSH	15000
    24 0000000E E8 [00000000]                   	CALL	_malloc
    25 00000013 68 [00000000]                   	PUSH	LC0
    26 00000018 6A FF                           	PUSH	-1
    27 0000001A 6A 64                           	PUSH	100
    28 0000001C 68 00000096                     	PUSH	150
    29 00000021 50                              	PUSH	EAX
    30 00000022 E8 [00000000]                   	CALL	_win_open
    31 00000027 6A 00                           	PUSH	0
    32 00000029 6A 5D                           	PUSH	93
    33 0000002B 89 C3                           	MOV	EBX,EAX
    34 0000002D 68 0000008F                     	PUSH	143
    35 00000032 6A 1A                           	PUSH	26
    36 00000034 6A 06                           	PUSH	6
    37 00000036 50                              	PUSH	EAX
    38 00000037 E8 [00000000]                   	CALL	_win_fill
    39 0000003C 83 C4 30                        	ADD	ESP,48
    40 0000003F 6A 03                           	PUSH	3
    41 00000041 6A 32                           	PUSH	50
    42 00000043 6A 4B                           	PUSH	75
    43 00000045 53                              	PUSH	EBX
    44 00000046 E8 [00000000]                   	CALL	_win_point
    45 0000004B 8B 5D FC                        	MOV	EBX,DWORD [-4+EBP]
    46 0000004E 83 C4 10                        	ADD	ESP,16
    47 00000051 C9                              	LEAVE
    48 00000052 E9 [00000000]                   	JMP	_api_end
