     1 00000000                                 [FORMAT "WCOFF"]
     2 00000000                                 [INSTRSET "i486p"]
     3 00000000                                 [OPTIMIZE 1]
     4 00000000                                 [OPTION 1]
     5 00000000                                 [BITS 32]
     6 00000000                                 	EXTERN	_init_mem
     7 00000000                                 	EXTERN	_malloc
     8 00000000                                 	EXTERN	_win_open
     9 00000000                                 	EXTERN	_win_fill
    10 00000000                                 	EXTERN	_win_puts
    11 00000000                                 	EXTERN	_api_end
    12 00000000                                 [FILE "win3.c"]
    13                                          [SECTION .data]
    14 00000000                                 LC0:
    15 00000000 57 69 6E 64 6F 77 2D 48 65 6C   	DB	"Window-Hello",0x00
       0000000A 6C 6F 00 
    16 0000000D                                 LC1:
    17 0000000D 48 65 6C 6C 6F 2C 20 77 6F 72   	DB	"Hello, world!",0x00
       00000017 6C 64 21 00 
    18                                          [SECTION .text]
    19 00000000                                 	GLOBAL	_HariMain
    20 00000000                                 _HariMain:
    21 00000000 55                              	PUSH	EBP
    22 00000001 89 E5                           	MOV	EBP,ESP
    23 00000003 53                              	PUSH	EBX
    24 00000004 E8 [00000000]                   	CALL	_init_mem
    25 00000009 68 00001D4C                     	PUSH	7500
    26 0000000E E8 [00000000]                   	CALL	_malloc
    27 00000013 68 [00000000]                   	PUSH	LC0
    28 00000018 6A FF                           	PUSH	-1
    29 0000001A 6A 32                           	PUSH	50
    30 0000001C 68 00000096                     	PUSH	150
    31 00000021 50                              	PUSH	EAX
    32 00000022 E8 [00000000]                   	CALL	_win_open
    33 00000027 6A 06                           	PUSH	6
    34 00000029 6A 2B                           	PUSH	43
    35 0000002B 89 C3                           	MOV	EBX,EAX
    36 0000002D 68 0000008D                     	PUSH	141
    37 00000032 6A 24                           	PUSH	36
    38 00000034 6A 08                           	PUSH	8
    39 00000036 50                              	PUSH	EAX
    40 00000037 E8 [00000000]                   	CALL	_win_fill
    41 0000003C 83 C4 30                        	ADD	ESP,48
    42 0000003F 68 [0000000D]                   	PUSH	LC1
    43 00000044 6A 0D                           	PUSH	13
    44 00000046 6A 00                           	PUSH	0
    45 00000048 6A 1C                           	PUSH	28
    46 0000004A 6A 1C                           	PUSH	28
    47 0000004C 53                              	PUSH	EBX
    48 0000004D E8 [00000000]                   	CALL	_win_puts
    49 00000052 8B 5D FC                        	MOV	EBX,DWORD [-4+EBP]
    50 00000055 83 C4 18                        	ADD	ESP,24
    51 00000058 C9                              	LEAVE
    52 00000059 E9 [00000000]                   	JMP	_api_end
